
[*] Starting solver...

[JUMP] 0,0 to 0,1
[JUMP] 0,1 to 1,1
[JUMP] 0,2 to 0,1
[JUMP] 1,0 to 1,1
[JUMP] 0,1 to 1,1
[JUMP] 1,1 to 0,1
[JUMP] 1,0 to 1,1
[JUMP] 0,2 to 0,1
[JUMP] 0,1 to 1,1
[JUMP] 0,1 to 0,2
[JUMP] 1,0 to 1,1
[JUMP] 1,0 to 1,1
[JUMP] 0,0 to 0,1
[JUMP] 0,2 to 0,1
[JUMP] 0,1 to 1,1
[JUMP] 0,1 to 0,2
[JUMP] 1,1 to 0,1
[JUMP] 0,2 to 0,1
[JUMP] 0,1 to 0,0

[!] Solver finished - 0.000046s

[SOLUTION]
**************************
*[ S  ][ P  ][ R  ][    ]*
*[ S  ][ P! ][    ][    ]*
*[    ][    ][    ][    ]*
*[    ][    ][    ][    ]*
**************************
[SOLUTION]
**************************
*[ S! ][ P  ][ R  ][    ]*
*[ S  ][ P  ][    ][    ]*
*[    ][    ][    ][    ]*
*[    ][    ][    ][    ]*
**************************

[*] Number of ways to get to a solution: 4
[*] Number of distinct final states (solutions): 2

double free or corruption (out)
